14:50:40 **** Incremental Build of configuration Debug for project STM32H745_Nucleo_M7_ETH_CM7 ****
make -j4 all 
arm-none-eabi-size   STM32H745_Nucleo_M7_ETH_CM7.elf 
   text	   data	    bss	    dec	    hex	filename
 106560	    160	 219107	 325827	  4f8c3	STM32H745_Nucleo_M7_ETH_CM7.elf
Finished building: default.size.stdout
 
14:50:48 **** Incremental Build of configuration Debug for project STM32H745_Nucleo_M7_ETH_CM7 ****
make -j4 all 
arm-none-eabi-size   STM32H745_Nucleo_M7_ETH_CM7.elf 
   text	   data	    bss	    dec	    hex	filename
 106560	    160	 219107	 325827	  4f8c3	STM32H745_Nucleo_M7_ETH_CM7.elf
Finished building: default.size.stdout
 
