13:49:41 **** Incremental Build of configuration Debug for project STM32H7-RTOS-mbedTLS-SQL-Atollic ****
make -j4 all 
arm-none-eabi-size   STM32H7-RTOS-mbedTLS-SQL-Atollic.elf 
   text	   data	    bss	    dec	    hex	filename
 485168	    556	 508760	 994484	  f2cb4	STM32H7-RTOS-mbedTLS-SQL-Atollic.elf
Finished building: default.size.stdout
 
arm-none-eabi-objcopy.exe -O ihex "STM32H7-RTOS-mbedTLS-SQL-Atollic.elf" "STM32H7-RTOS-mbedTLS-SQL-Atollic.hex"
 

13:49:46 Build Finished. 0 errors, 0 warnings. (took 5s.413ms)

