../../Drivers/CMSIS/Include/core_cm7.h:2229:22:SCB_EnableICache	4	static,ignoring_inline_asm
../../Drivers/CMSIS/Include/core_cm7.h:2281:22:SCB_EnableDCache	24	static,ignoring_inline_asm
../../Drivers/CMSIS/Include/core_cm7.h:2427:22:SCB_CleanInvalidateDCache	24	static,ignoring_inline_asm
../Core/Src/main.c:73:5:main	72	static
../Core/Src/main.c:172:6:SystemClock_Config	312	static
../Core/Src/main.c:235:6:MPU_Config	24	static
../Core/Src/main.c:283:6:HAL_TIM_PeriodElapsedCallback	16	static
../Core/Src/main.c:300:6:Error_Handler	8	static
