../../Drivers/CMSIS/Include/core_cm7.h:2464:22:SCB_InvalidateDCache_by_Addr	32	static,ignoring_inline_asm
../LWIP/Target/ethernetif.c:136:6:HAL_ETH_MspInit	64	static
../LWIP/Target/ethernetif.c:201:6:HAL_ETH_MspDeInit	16	static
../LWIP/Target/ethernetif.c:246:6:HAL_ETH_RxCpltCallback	16	static
../LWIP/Target/ethernetif.c:265:13:low_level_init	200	static
../LWIP/Target/ethernetif.c:446:14:low_level_output	80	static
../LWIP/Target/ethernetif.c:493:22:low_level_input	48	static
../LWIP/Target/ethernetif.c:531:6:ethernetif_input	24	static
../LWIP/Target/ethernetif.c:591:7:ethernetif_init	16	static
../LWIP/Target/ethernetif.c:635:6:pbuf_free_custom	24	static
../LWIP/Target/ethernetif.c:655:7:sys_jiffies	8	static
../LWIP/Target/ethernetif.c:666:7:sys_now	8	static
../LWIP/Target/ethernetif.c:681:9:ETH_PHY_IO_Init	8	static
../LWIP/Target/ethernetif.c:698:9:ETH_PHY_IO_DeInit	4	static
../LWIP/Target/ethernetif.c:710:9:ETH_PHY_IO_ReadReg	24	static
../LWIP/Target/ethernetif.c:727:9:ETH_PHY_IO_WriteReg	24	static
../LWIP/Target/ethernetif.c:741:9:ETH_PHY_IO_GetTick	8	static
../LWIP/Target/ethernetif.c:752:6:ethernet_link_thread	136	static
