C:/Users/Levil/GitHub/projectPP2024/projectPP2024/CM4/LWIP/Target/ethernetif.c:170:13:low_level_init	24	static
C:/Users/Levil/GitHub/projectPP2024/projectPP2024/CM4/LWIP/Target/ethernetif.c:275:14:low_level_output	80	static
C:/Users/Levil/GitHub/projectPP2024/projectPP2024/CM4/LWIP/Target/ethernetif.c:322:22:low_level_input	24	static
C:/Users/Levil/GitHub/projectPP2024/projectPP2024/CM4/LWIP/Target/ethernetif.c:343:6:ethernetif_input	24	static
C:/Users/Levil/GitHub/projectPP2024/projectPP2024/CM4/LWIP/Target/ethernetif.c:393:7:ethernetif_init	16	static
C:/Users/Levil/GitHub/projectPP2024/projectPP2024/CM4/LWIP/Target/ethernetif.c:444:6:pbuf_free_custom	24	static
C:/Users/Levil/GitHub/projectPP2024/projectPP2024/CM4/LWIP/Target/ethernetif.c:466:7:sys_now	8	static
C:/Users/Levil/GitHub/projectPP2024/projectPP2024/CM4/LWIP/Target/ethernetif.c:479:6:HAL_ETH_MspInit	32	static
C:/Users/Levil/GitHub/projectPP2024/projectPP2024/CM4/LWIP/Target/ethernetif.c:496:6:HAL_ETH_MspDeInit	16	static
C:/Users/Levil/GitHub/projectPP2024/projectPP2024/CM4/LWIP/Target/ethernetif.c:521:9:ETH_PHY_IO_Init	8	static
C:/Users/Levil/GitHub/projectPP2024/projectPP2024/CM4/LWIP/Target/ethernetif.c:538:9:ETH_PHY_IO_DeInit	4	static
C:/Users/Levil/GitHub/projectPP2024/projectPP2024/CM4/LWIP/Target/ethernetif.c:550:9:ETH_PHY_IO_ReadReg	24	static
C:/Users/Levil/GitHub/projectPP2024/projectPP2024/CM4/LWIP/Target/ethernetif.c:567:9:ETH_PHY_IO_WriteReg	24	static
C:/Users/Levil/GitHub/projectPP2024/projectPP2024/CM4/LWIP/Target/ethernetif.c:581:9:ETH_PHY_IO_GetTick	8	static
C:/Users/Levil/GitHub/projectPP2024/projectPP2024/CM4/LWIP/Target/ethernetif.c:590:6:ethernet_link_check_state	136	static
C:/Users/Levil/GitHub/projectPP2024/projectPP2024/CM4/LWIP/Target/ethernetif.c:647:6:HAL_ETH_RxAllocateCallback	32	static
C:/Users/Levil/GitHub/projectPP2024/projectPP2024/CM4/LWIP/Target/ethernetif.c:669:6:HAL_ETH_RxLinkCallback	40	static
C:/Users/Levil/GitHub/projectPP2024/projectPP2024/CM4/LWIP/Target/ethernetif.c:706:6:HAL_ETH_TxFreeCallback	16	static
