C:/Users/Levil/GitHub/projectPP2024/projectPP2024/CM7/LWIP/Target/ethernetif.c:170:13:low_level_init	24	static
C:/Users/Levil/GitHub/projectPP2024/projectPP2024/CM7/LWIP/Target/ethernetif.c:275:14:low_level_output	80	static
C:/Users/Levil/GitHub/projectPP2024/projectPP2024/CM7/LWIP/Target/ethernetif.c:322:22:low_level_input	24	static
C:/Users/Levil/GitHub/projectPP2024/projectPP2024/CM7/LWIP/Target/ethernetif.c:343:6:ethernetif_input	24	static
C:/Users/Levil/GitHub/projectPP2024/projectPP2024/CM7/LWIP/Target/ethernetif.c:393:7:ethernetif_init	16	static
C:/Users/Levil/GitHub/projectPP2024/projectPP2024/CM7/LWIP/Target/ethernetif.c:444:6:pbuf_free_custom	24	static
C:/Users/Levil/GitHub/projectPP2024/projectPP2024/CM7/LWIP/Target/ethernetif.c:466:7:sys_now	8	static
C:/Users/Levil/GitHub/projectPP2024/projectPP2024/CM7/LWIP/Target/ethernetif.c:479:6:HAL_ETH_MspInit	64	static
C:/Users/Levil/GitHub/projectPP2024/projectPP2024/CM7/LWIP/Target/ethernetif.c:541:6:HAL_ETH_MspDeInit	16	static
C:/Users/Levil/GitHub/projectPP2024/projectPP2024/CM7/LWIP/Target/ethernetif.c:586:9:ETH_PHY_IO_Init	8	static
C:/Users/Levil/GitHub/projectPP2024/projectPP2024/CM7/LWIP/Target/ethernetif.c:603:9:ETH_PHY_IO_DeInit	4	static
C:/Users/Levil/GitHub/projectPP2024/projectPP2024/CM7/LWIP/Target/ethernetif.c:615:9:ETH_PHY_IO_ReadReg	24	static
C:/Users/Levil/GitHub/projectPP2024/projectPP2024/CM7/LWIP/Target/ethernetif.c:632:9:ETH_PHY_IO_WriteReg	24	static
C:/Users/Levil/GitHub/projectPP2024/projectPP2024/CM7/LWIP/Target/ethernetif.c:646:9:ETH_PHY_IO_GetTick	8	static
C:/Users/Levil/GitHub/projectPP2024/projectPP2024/CM7/LWIP/Target/ethernetif.c:655:6:ethernet_link_check_state	136	static
C:/Users/Levil/GitHub/projectPP2024/projectPP2024/CM7/LWIP/Target/ethernetif.c:712:6:HAL_ETH_RxAllocateCallback	32	static
C:/Users/Levil/GitHub/projectPP2024/projectPP2024/CM7/LWIP/Target/ethernetif.c:734:6:HAL_ETH_RxLinkCallback	56	static,ignoring_inline_asm
C:/Users/Levil/GitHub/projectPP2024/projectPP2024/CM7/LWIP/Target/ethernetif.c:774:6:HAL_ETH_TxFreeCallback	16	static
